2026-08-10 14:29:35 - __main__ - INFO - Starting augmentation process with mix=False
2026-08-10 14:42:59 - __main__ - INFO - Augmentation CV with:
	-mix=False
	-dataset=max
	-original dataset ratio=0.5
2026-08-10 14:54:07 - __main__ - INFO - Augmentation CV with:
	-mix=False
	-dataset=max
	-original dataset ratio=0.6
2026-08-10 15:03:22 - __main__ - INFO - Augmentation CV with:
	-mix=False
	-dataset=max
	-original dataset ratio=0.7
2026-08-10 15:11:43 - __main__ - INFO - Augmentation CV with:
	-mix=False
	-dataset=max
	-original dataset ratio=0.8
2026-08-10 15:19:05 - __main__ - INFO - Augmentation CV with:
	-mix=False
	-dataset=max
	-original dataset ratio=0.9
2026-08-10 15:32:24 - __main__ - INFO - Augmentation CV with:
	-mix=False
	-dataset=q1
	-original dataset ratio=0.5
2026-08-10 15:43:31 - __main__ - INFO - Augmentation CV with:
	-mix=False
	-dataset=q1
	-original dataset ratio=0.6
2026-08-10 15:53:02 - __main__ - INFO - Augmentation CV with:
	-mix=False
	-dataset=q1
	-original dataset ratio=0.7
2026-08-10 16:01:21 - __main__ - INFO - Augmentation CV with:
	-mix=False
	-dataset=q1
	-original dataset ratio=0.8
2026-08-10 16:08:41 - __main__ - INFO - Augmentation CV with:
	-mix=False
	-dataset=q1
	-original dataset ratio=0.9
2026-08-10 16:22:04 - __main__ - INFO - Augmentation CV with:
	-mix=False
	-dataset=q3
	-original dataset ratio=0.5
2026-08-10 16:33:04 - __main__ - INFO - Augmentation CV with:
	-mix=False
	-dataset=q3
	-original dataset ratio=0.6
2026-08-10 16:42:32 - __main__ - INFO - Augmentation CV with:
	-mix=False
	-dataset=q3
	-original dataset ratio=0.7
2026-08-10 16:50:49 - __main__ - INFO - Augmentation CV with:
	-mix=False
	-dataset=q3
	-original dataset ratio=0.8
2026-08-10 16:58:01 - __main__ - INFO - Augmentation CV with:
	-mix=False
	-dataset=q3
	-original dataset ratio=0.9
2026-08-10 17:11:20 - __main__ - INFO - Augmentation CV with:
	-mix=False
	-dataset=q2
	-original dataset ratio=0.5
2026-08-10 17:22:36 - __main__ - INFO - Augmentation CV with:
	-mix=False
	-dataset=q2
	-original dataset ratio=0.6
2026-08-10 17:32:06 - __main__ - INFO - Augmentation CV with:
	-mix=False
	-dataset=q2
	-original dataset ratio=0.7
2026-08-10 17:40:17 - __main__ - INFO - Augmentation CV with:
	-mix=False
	-dataset=q2
	-original dataset ratio=0.8
2026-08-10 17:47:44 - __main__ - INFO - Augmentation CV with:
	-mix=False
	-dataset=q2
	-original dataset ratio=0.9
2026-08-10 20:50:25 - __main__ - INFO - Starting augmentation process with mix=True
2026-08-10 21:12:38 - __main__ - INFO - Augmentation CV with:
	-mix=True
	-original dataset ratio=0.3
2026-08-10 21:29:21 - __main__ - INFO - Augmentation CV with:
	-mix=True
	-original dataset ratio=0.4
2026-08-10 21:42:43 - __main__ - INFO - Augmentation CV with:
	-mix=True
	-original dataset ratio=0.5
2026-08-10 21:53:41 - __main__ - INFO - Augmentation CV with:
	-mix=True
	-original dataset ratio=0.6
2026-08-10 22:03:01 - __main__ - INFO - Augmentation CV with:
	-mix=True
	-original dataset ratio=0.7
2026-08-10 22:11:12 - __main__ - INFO - Augmentation CV with:
	-mix=True
	-original dataset ratio=0.8
2026-08-10 22:18:37 - __main__ - INFO - Augmentation CV with:
	-mix=True
	-original dataset ratio=0.9
2026-08-10 22:25:00 - __main__ - INFO - Starting augmentation process with mix=False
2026-08-10 23:55:13 - __main__ - INFO - Augmentation CV with:
	-mix=False
	-dataset=max
	-original dataset ratio=0.5
2026-08-11 01:09:39 - __main__ - INFO - Augmentation CV with:
	-mix=False
	-dataset=max
	-original dataset ratio=0.6
2026-08-11 02:13:35 - __main__ - INFO - Augmentation CV with:
	-mix=False
	-dataset=max
	-original dataset ratio=0.7
2026-08-11 03:09:40 - __main__ - INFO - Augmentation CV with:
	-mix=False
	-dataset=max
	-original dataset ratio=0.8
2026-08-11 03:59:27 - __main__ - INFO - Augmentation CV with:
	-mix=False
	-dataset=max
	-original dataset ratio=0.9
2026-08-11 05:29:00 - __main__ - INFO - Augmentation CV with:
	-mix=False
	-dataset=q1
	-original dataset ratio=0.5
2026-08-11 06:43:18 - __main__ - INFO - Augmentation CV with:
	-mix=False
	-dataset=q1
	-original dataset ratio=0.6
2026-08-11 07:47:18 - __main__ - INFO - Augmentation CV with:
	-mix=False
	-dataset=q1
	-original dataset ratio=0.7
2026-08-11 08:43:18 - __main__ - INFO - Augmentation CV with:
	-mix=False
	-dataset=q1
	-original dataset ratio=0.8
2026-08-11 09:33:03 - __main__ - INFO - Augmentation CV with:
	-mix=False
	-dataset=q1
	-original dataset ratio=0.9
2026-08-11 11:02:15 - __main__ - INFO - Augmentation CV with:
	-mix=False
	-dataset=q3
	-original dataset ratio=0.5
2026-08-11 12:16:40 - __main__ - INFO - Augmentation CV with:
	-mix=False
	-dataset=q3
	-original dataset ratio=0.6
2026-08-11 13:21:23 - __main__ - INFO - Augmentation CV with:
	-mix=False
	-dataset=q3
	-original dataset ratio=0.7
2026-08-11 14:18:00 - __main__ - INFO - Augmentation CV with:
	-mix=False
	-dataset=q3
	-original dataset ratio=0.8
2026-08-11 15:07:52 - __main__ - INFO - Augmentation CV with:
	-mix=False
	-dataset=q3
	-original dataset ratio=0.9
2026-08-11 16:37:28 - __main__ - INFO - Augmentation CV with:
	-mix=False
	-dataset=q2
	-original dataset ratio=0.5
2026-08-11 17:51:54 - __main__ - INFO - Augmentation CV with:
	-mix=False
	-dataset=q2
	-original dataset ratio=0.6
2026-08-11 18:55:56 - __main__ - INFO - Augmentation CV with:
	-mix=False
	-dataset=q2
	-original dataset ratio=0.7
2026-08-11 19:52:02 - __main__ - INFO - Augmentation CV with:
	-mix=False
	-dataset=q2
	-original dataset ratio=0.8
2026-08-11 20:41:57 - __main__ - INFO - Augmentation CV with:
	-mix=False
	-dataset=q2
	-original dataset ratio=0.9
2026-08-11 21:41:51 - __main__ - INFO - Starting augmentation process with mix=True
2026-08-12 00:15:00 - __main__ - INFO - Augmentation CV with:
	-mix=True
	-original dataset ratio=0.3
2026-08-12 02:08:41 - __main__ - INFO - Augmentation CV with:
	-mix=True
	-original dataset ratio=0.4
2026-08-12 03:40:09 - __main__ - INFO - Augmentation CV with:
	-mix=True
	-original dataset ratio=0.5
2026-08-12 04:56:14 - __main__ - INFO - Augmentation CV with:
	-mix=True
	-original dataset ratio=0.6
2026-08-12 06:01:30 - __main__ - INFO - Augmentation CV with:
	-mix=True
	-original dataset ratio=0.7
2026-08-12 06:58:40 - __main__ - INFO - Augmentation CV with:
	-mix=True
	-original dataset ratio=0.8
2026-08-12 07:49:26 - __main__ - INFO - Augmentation CV with:
	-mix=True
	-original dataset ratio=0.9
2026-08-12 13:18:52 - __main__ - INFO - Starting augmentation process with mix=True
2026-08-12 15:08:31 - __main__ - INFO - Augmentation CV with:
	-mix=True
	-original dataset ratio=0.3
2026-08-12 16:30:21 - __main__ - INFO - Augmentation CV with:
	-mix=True
	-original dataset ratio=0.4
2026-08-12 17:35:58 - __main__ - INFO - Augmentation CV with:
	-mix=True
	-original dataset ratio=0.5
2026-08-12 18:30:43 - __main__ - INFO - Augmentation CV with:
	-mix=True
	-original dataset ratio=0.6
2026-08-12 19:17:39 - __main__ - INFO - Augmentation CV with:
	-mix=True
	-original dataset ratio=0.7
2026-08-12 19:59:05 - __main__ - INFO - Augmentation CV with:
	-mix=True
	-original dataset ratio=0.8
2026-08-12 20:35:51 - __main__ - INFO - Augmentation CV with:
	-mix=True
	-original dataset ratio=0.9
2026-08-12 20:39:22 - __main__ - INFO - Starting augmentation process with mix=False
2026-08-12 21:45:58 - __main__ - INFO - Augmentation CV with:
	-mix=False
	-dataset=max
	-original dataset ratio=0.5
2026-08-12 22:41:02 - __main__ - INFO - Augmentation CV with:
	-mix=False
	-dataset=max
	-original dataset ratio=0.6
2026-08-12 23:28:03 - __main__ - INFO - Augmentation CV with:
	-mix=False
	-dataset=max
	-original dataset ratio=0.7
2026-08-13 00:09:57 - __main__ - INFO - Augmentation CV with:
	-mix=False
	-dataset=max
	-original dataset ratio=0.8
2026-08-13 00:46:30 - __main__ - INFO - Augmentation CV with:
	-mix=False
	-dataset=max
	-original dataset ratio=0.9
2026-08-13 01:52:16 - __main__ - INFO - Augmentation CV with:
	-mix=False
	-dataset=q1
	-original dataset ratio=0.5
2026-08-13 02:47:02 - __main__ - INFO - Augmentation CV with:
	-mix=False
	-dataset=q1
	-original dataset ratio=0.6
2026-08-13 03:33:59 - __main__ - INFO - Augmentation CV with:
	-mix=False
	-dataset=q1
	-original dataset ratio=0.7
2026-08-13 04:15:11 - __main__ - INFO - Augmentation CV with:
	-mix=False
	-dataset=q1
	-original dataset ratio=0.8
2026-08-13 04:51:50 - __main__ - INFO - Augmentation CV with:
	-mix=False
	-dataset=q1
	-original dataset ratio=0.9
2026-08-13 05:57:26 - __main__ - INFO - Augmentation CV with:
	-mix=False
	-dataset=q3
	-original dataset ratio=0.5
2026-08-13 06:52:02 - __main__ - INFO - Augmentation CV with:
	-mix=False
	-dataset=q3
	-original dataset ratio=0.6
2026-08-13 07:38:57 - __main__ - INFO - Augmentation CV with:
	-mix=False
	-dataset=q3
	-original dataset ratio=0.7
2026-08-13 08:20:11 - __main__ - INFO - Augmentation CV with:
	-mix=False
	-dataset=q3
	-original dataset ratio=0.8
2026-08-13 08:56:41 - __main__ - INFO - Augmentation CV with:
	-mix=False
	-dataset=q3
	-original dataset ratio=0.9
2026-08-13 10:02:18 - __main__ - INFO - Augmentation CV with:
	-mix=False
	-dataset=q2
	-original dataset ratio=0.5
2026-08-13 10:56:57 - __main__ - INFO - Augmentation CV with:
	-mix=False
	-dataset=q2
	-original dataset ratio=0.6
2026-08-13 11:43:49 - __main__ - INFO - Augmentation CV with:
	-mix=False
	-dataset=q2
	-original dataset ratio=0.7
2026-08-13 12:24:51 - __main__ - INFO - Augmentation CV with:
	-mix=False
	-dataset=q2
	-original dataset ratio=0.8
2026-08-13 13:01:22 - __main__ - INFO - Augmentation CV with:
	-mix=False
	-dataset=q2
	-original dataset ratio=0.9
2026-08-13 21:30:25 - __main__ - INFO - Starting augmentation process with mix=False
2026-08-13 21:32:10 - __main__ - INFO - Augmentation CV with:
	-mix=False
	-dataset=max
	-original dataset ratio=0.5
2026-08-13 21:33:23 - __main__ - INFO - Augmentation CV with:
	-mix=False
	-dataset=max
	-original dataset ratio=0.6
2026-08-13 21:34:24 - __main__ - INFO - Augmentation CV with:
	-mix=False
	-dataset=max
	-original dataset ratio=0.7
2026-08-13 21:35:18 - __main__ - INFO - Augmentation CV with:
	-mix=False
	-dataset=max
	-original dataset ratio=0.8
2026-08-13 21:36:06 - __main__ - INFO - Augmentation CV with:
	-mix=False
	-dataset=max
	-original dataset ratio=0.9
2026-08-13 21:37:32 - __main__ - INFO - Augmentation CV with:
	-mix=False
	-dataset=q1
	-original dataset ratio=0.5
2026-08-13 21:38:44 - __main__ - INFO - Augmentation CV with:
	-mix=False
	-dataset=q1
	-original dataset ratio=0.6
2026-08-13 21:39:46 - __main__ - INFO - Augmentation CV with:
	-mix=False
	-dataset=q1
	-original dataset ratio=0.7
2026-08-13 21:40:41 - __main__ - INFO - Augmentation CV with:
	-mix=False
	-dataset=q1
	-original dataset ratio=0.8
2026-08-13 21:41:28 - __main__ - INFO - Augmentation CV with:
	-mix=False
	-dataset=q1
	-original dataset ratio=0.9
2026-08-13 21:42:55 - __main__ - INFO - Augmentation CV with:
	-mix=False
	-dataset=q3
	-original dataset ratio=0.5
2026-08-13 21:44:07 - __main__ - INFO - Augmentation CV with:
	-mix=False
	-dataset=q3
	-original dataset ratio=0.6
2026-08-13 21:45:08 - __main__ - INFO - Augmentation CV with:
	-mix=False
	-dataset=q3
	-original dataset ratio=0.7
2026-08-13 21:46:03 - __main__ - INFO - Augmentation CV with:
	-mix=False
	-dataset=q3
	-original dataset ratio=0.8
2026-08-13 21:46:51 - __main__ - INFO - Augmentation CV with:
	-mix=False
	-dataset=q3
	-original dataset ratio=0.9
2026-08-13 21:48:17 - __main__ - INFO - Augmentation CV with:
	-mix=False
	-dataset=q2
	-original dataset ratio=0.5
2026-08-13 21:49:29 - __main__ - INFO - Augmentation CV with:
	-mix=False
	-dataset=q2
	-original dataset ratio=0.6
2026-08-13 21:50:32 - __main__ - INFO - Augmentation CV with:
	-mix=False
	-dataset=q2
	-original dataset ratio=0.7
2026-08-13 21:51:26 - __main__ - INFO - Augmentation CV with:
	-mix=False
	-dataset=q2
	-original dataset ratio=0.8
2026-08-13 21:52:14 - __main__ - INFO - Augmentation CV with:
	-mix=False
	-dataset=q2
	-original dataset ratio=0.9
2026-08-13 22:28:25 - __main__ - INFO - Starting augmentation process with mix=True
2026-08-13 22:30:55 - __main__ - INFO - Augmentation CV with:
	-mix=True
	-original dataset ratio=0.3
2026-08-13 22:32:41 - __main__ - INFO - Augmentation CV with:
	-mix=True
	-original dataset ratio=0.4
2026-08-13 22:34:07 - __main__ - INFO - Augmentation CV with:
	-mix=True
	-original dataset ratio=0.5
2026-08-13 22:35:19 - __main__ - INFO - Augmentation CV with:
	-mix=True
	-original dataset ratio=0.6
2026-08-13 22:36:21 - __main__ - INFO - Augmentation CV with:
	-mix=True
	-original dataset ratio=0.7
2026-08-13 22:37:15 - __main__ - INFO - Augmentation CV with:
	-mix=True
	-original dataset ratio=0.8
2026-08-13 22:38:04 - __main__ - INFO - Augmentation CV with:
	-mix=True
	-original dataset ratio=0.9
2026-08-13 22:43:23 - __main__ - INFO - Starting augmentation process with mix=False
2026-08-13 23:21:38 - __main__ - INFO - Augmentation CV with:
	-mix=False
	-dataset=max
	-original dataset ratio=0.5
2026-08-13 23:53:18 - __main__ - INFO - Augmentation CV with:
	-mix=False
	-dataset=max
	-original dataset ratio=0.6
2026-08-14 00:20:33 - __main__ - INFO - Augmentation CV with:
	-mix=False
	-dataset=max
	-original dataset ratio=0.7
2026-08-14 00:44:28 - __main__ - INFO - Augmentation CV with:
	-mix=False
	-dataset=max
	-original dataset ratio=0.8
2026-08-14 01:05:46 - __main__ - INFO - Augmentation CV with:
	-mix=False
	-dataset=max
	-original dataset ratio=0.9
2026-08-14 01:43:49 - __main__ - INFO - Augmentation CV with:
	-mix=False
	-dataset=q1
	-original dataset ratio=0.5
2026-08-14 02:15:29 - __main__ - INFO - Augmentation CV with:
	-mix=False
	-dataset=q1
	-original dataset ratio=0.6
2026-08-14 02:42:42 - __main__ - INFO - Augmentation CV with:
	-mix=False
	-dataset=q1
	-original dataset ratio=0.7
2026-08-14 03:06:34 - __main__ - INFO - Augmentation CV with:
	-mix=False
	-dataset=q1
	-original dataset ratio=0.8
2026-08-14 03:27:47 - __main__ - INFO - Augmentation CV with:
	-mix=False
	-dataset=q1
	-original dataset ratio=0.9
2026-08-14 04:05:45 - __main__ - INFO - Augmentation CV with:
	-mix=False
	-dataset=q3
	-original dataset ratio=0.5
2026-08-14 04:37:25 - __main__ - INFO - Augmentation CV with:
	-mix=False
	-dataset=q3
	-original dataset ratio=0.6
2026-08-14 05:04:40 - __main__ - INFO - Augmentation CV with:
	-mix=False
	-dataset=q3
	-original dataset ratio=0.7
2026-08-14 05:28:34 - __main__ - INFO - Augmentation CV with:
	-mix=False
	-dataset=q3
	-original dataset ratio=0.8
2026-08-14 05:49:48 - __main__ - INFO - Augmentation CV with:
	-mix=False
	-dataset=q3
	-original dataset ratio=0.9
2026-08-14 06:27:50 - __main__ - INFO - Augmentation CV with:
	-mix=False
	-dataset=q2
	-original dataset ratio=0.5
2026-08-14 06:59:35 - __main__ - INFO - Augmentation CV with:
	-mix=False
	-dataset=q2
	-original dataset ratio=0.6
2026-08-14 07:26:47 - __main__ - INFO - Augmentation CV with:
	-mix=False
	-dataset=q2
	-original dataset ratio=0.7
2026-08-14 07:50:42 - __main__ - INFO - Augmentation CV with:
	-mix=False
	-dataset=q2
	-original dataset ratio=0.8
2026-08-14 08:11:57 - __main__ - INFO - Augmentation CV with:
	-mix=False
	-dataset=q2
	-original dataset ratio=0.9
2026-08-14 09:06:21 - __main__ - INFO - Starting augmentation process with mix=True
2026-08-14 10:10:06 - __main__ - INFO - Augmentation CV with:
	-mix=True
	-original dataset ratio=0.3
2026-08-14 10:57:37 - __main__ - INFO - Augmentation CV with:
	-mix=True
	-original dataset ratio=0.4
2026-08-14 11:35:37 - __main__ - INFO - Augmentation CV with:
	-mix=True
	-original dataset ratio=0.5
2026-08-14 12:07:22 - __main__ - INFO - Augmentation CV with:
	-mix=True
	-original dataset ratio=0.6
2026-08-14 12:34:05 - __main__ - INFO - Augmentation CV with:
	-mix=True
	-original dataset ratio=0.7
2026-08-14 12:57:40 - __main__ - INFO - Augmentation CV with:
	-mix=True
	-original dataset ratio=0.8
2026-08-14 13:18:26 - __main__ - INFO - Augmentation CV with:
	-mix=True
	-original dataset ratio=0.9
2026-08-14 14:00:10 - __main__ - INFO - Starting augmentation process with mix=True
2026-08-14 14:01:34 - __main__ - INFO - Augmentation CV with:
	-mix=True
	-original dataset ratio=0.3
2026-08-14 14:02:36 - __main__ - INFO - Augmentation CV with:
	-mix=True
	-original dataset ratio=0.4
2026-08-14 14:03:26 - __main__ - INFO - Augmentation CV with:
	-mix=True
	-original dataset ratio=0.5
2026-08-14 14:04:08 - __main__ - INFO - Augmentation CV with:
	-mix=True
	-original dataset ratio=0.6
2026-08-14 14:04:44 - __main__ - INFO - Augmentation CV with:
	-mix=True
	-original dataset ratio=0.7
2026-08-14 14:05:16 - __main__ - INFO - Augmentation CV with:
	-mix=True
	-original dataset ratio=0.8
2026-08-14 14:05:44 - __main__ - INFO - Augmentation CV with:
	-mix=True
	-original dataset ratio=0.9
2026-08-14 14:07:50 - __main__ - INFO - Starting augmentation process with mix=False
2026-08-14 14:08:40 - __main__ - INFO - Augmentation CV with:
	-mix=False
	-dataset=max
	-original dataset ratio=0.5
2026-08-14 14:09:22 - __main__ - INFO - Augmentation CV with:
	-mix=False
	-dataset=max
	-original dataset ratio=0.6
2026-08-14 14:09:58 - __main__ - INFO - Augmentation CV with:
	-mix=False
	-dataset=max
	-original dataset ratio=0.7
2026-08-14 14:10:29 - __main__ - INFO - Augmentation CV with:
	-mix=False
	-dataset=max
	-original dataset ratio=0.8
2026-08-14 14:10:58 - __main__ - INFO - Augmentation CV with:
	-mix=False
	-dataset=max
	-original dataset ratio=0.9
2026-08-14 14:11:48 - __main__ - INFO - Augmentation CV with:
	-mix=False
	-dataset=q1
	-original dataset ratio=0.5
2026-08-14 14:12:29 - __main__ - INFO - Augmentation CV with:
	-mix=False
	-dataset=q1
	-original dataset ratio=0.6
2026-08-14 14:13:04 - __main__ - INFO - Augmentation CV with:
	-mix=False
	-dataset=q1
	-original dataset ratio=0.7
2026-08-14 14:13:36 - __main__ - INFO - Augmentation CV with:
	-mix=False
	-dataset=q1
	-original dataset ratio=0.8
2026-08-14 14:14:04 - __main__ - INFO - Augmentation CV with:
	-mix=False
	-dataset=q1
	-original dataset ratio=0.9
2026-08-14 14:14:53 - __main__ - INFO - Augmentation CV with:
	-mix=False
	-dataset=q3
	-original dataset ratio=0.5
2026-08-14 14:15:36 - __main__ - INFO - Augmentation CV with:
	-mix=False
	-dataset=q3
	-original dataset ratio=0.6
2026-08-14 14:16:18 - __main__ - INFO - Augmentation CV with:
	-mix=False
	-dataset=q3
	-original dataset ratio=0.7
2026-08-14 14:16:51 - __main__ - INFO - Augmentation CV with:
	-mix=False
	-dataset=q3
	-original dataset ratio=0.8
2026-08-14 14:17:20 - __main__ - INFO - Augmentation CV with:
	-mix=False
	-dataset=q3
	-original dataset ratio=0.9
2026-08-14 14:18:10 - __main__ - INFO - Augmentation CV with:
	-mix=False
	-dataset=q2
	-original dataset ratio=0.5
2026-08-14 14:18:52 - __main__ - INFO - Augmentation CV with:
	-mix=False
	-dataset=q2
	-original dataset ratio=0.6
2026-08-14 14:19:27 - __main__ - INFO - Augmentation CV with:
	-mix=False
	-dataset=q2
	-original dataset ratio=0.7
2026-08-14 14:19:59 - __main__ - INFO - Augmentation CV with:
	-mix=False
	-dataset=q2
	-original dataset ratio=0.8
2026-08-14 14:20:27 - __main__ - INFO - Augmentation CV with:
	-mix=False
	-dataset=q2
	-original dataset ratio=0.9
