2026-05-28 09:26:06 - __main__ - INFO - Dataprep is running for deeploc
2026-05-28 09:26:07 - __main__ - INFO - Dataset was gathered with status code: 200
2026-05-28 09:26:07 - __main__ - INFO - The original dataset has shape: (14004, 2)
2026-05-28 09:26:07 - __main__ - INFO - The cleaned dataset has shape: (6892, 2)
2026-05-28 09:26:07 - __main__ - INFO - ../data/deeploc.fasta temporary file was removed.
2026-05-28 09:26:07 - __main__ - INFO - Cleaned deeploc is exported to ../data/deeploc_clean.csv

2026-05-28 09:26:09 - __main__ - INFO - Dataprep is running for ec
2026-05-28 09:26:10 - httpx - INFO - HTTP Request: GET https://huggingface.co/api/datasets/AI4Protein/EC "HTTP/1.1 200 OK"
2026-05-28 09:26:10 - httpx - INFO - HTTP Request: GET https://huggingface.co/api/datasets/AI4Protein/EC/tree/main?recursive=false&expand=false "HTTP/1.1 200 OK"
2026-05-28 09:26:10 - httpx - INFO - HTTP Request: GET https://huggingface.co/datasets/AI4Protein/EC/resolve/main/train.csv "HTTP/1.1 302 Found"
2026-05-28 09:26:10 - httpx - INFO - HTTP Request: GET https://cas-bridge.xethub.hf.co/xet-bridge-us/679b5a2519e7c98ff30941b5/a60cf83a657b27f9baf855ddfd9d530c5931a085038addb2d2dec0638568a6bd?X-Amz-Algorithm=AWS4-HMAC-SHA256&X-Amz-Content-Sha256=UNSIGNED-PAYLOAD&X-Amz-Credential=cas%2F20260528%2Fus-east-1%2Fs3%2Faws4_request&X-Amz-Date=20260528T072610Z&X-Amz-Expires=3600&X-Amz-Signature=2f0eaed69d82b64c7ea941b8b857cc77dee11c492c7d24c1fe026672507c064d&X-Amz-SignedHeaders=host&X-Xet-Cas-Uid=public&response-content-disposition=inline%3B+filename*%3DUTF-8%27%27train.csv%3B+filename%3D%22train.csv%22%3B&response-content-type=text%2Fcsv&x-amz-checksum-mode=ENABLED&x-id=GetObject&Expires=1779956770&Policy=eyJTdGF0ZW1lbnQiOlt7IkNvbmRpdGlvbiI6eyJEYXRlTGVzc1RoYW4iOnsiQVdTOkVwb2NoVGltZSI6MTc3OTk1Njc3MH19LCJSZXNvdXJjZSI6Imh0dHBzOi8vY2FzLWJyaWRnZS54ZXRodWIuaGYuY28veGV0LWJyaWRnZS11cy82NzliNWEyNTE5ZTdjOThmZjMwOTQxYjUvYTYwY2Y4M2E2NTdiMjdmOWJhZjg1NWRkZmQ5ZDUzMGM1OTMxYTA4NTAzOGFkZGIyZDJkZWMwNjM4NTY4YTZiZCoifV19&Signature=jdrNDQeiByS3sFWnb6YcZm5%7EXig4NsxtSGpFAx7DdSCeJH1hujNRCBbVVdSXts-TraDDXufX97LqGWycZNwJUm7cTM-JX-NGPbpnWJd75IxIYq6UlRBDzeEJ-S9vstr8DL5mwWk9W3EUIQ7KNkrjcL1l8r7kqac7VJkTJwlUKl-49QE64JX1iFb4ixUU6PUFIv7pQTvCBO9KFJdnChfpmcwL4SQbcwUhG9VOb9RiEtsKhEtGaj65bp43DHeY79HhUQ09Epo4v5OXPgtOjwsjx8W84OlLAT-skG-GolouIlr8CU9WJMyKc45%7EkdB1nmyu6U62FKy6EoQvLS13bkvbcw__&Key-Pair-Id=K2L8F4GPSG1IFC "HTTP/1.1 206 Partial Content"
2026-05-28 09:26:10 - httpx - INFO - HTTP Request: GET https://huggingface.co/datasets/AI4Protein/EC/resolve/main/test.csv "HTTP/1.1 302 Found"
2026-05-28 09:26:10 - httpx - INFO - HTTP Request: GET https://cas-bridge.xethub.hf.co/xet-bridge-us/679b5a2519e7c98ff30941b5/cd6b0dabe3bddc2cb5663bdf3738b68778eb8f2322e28da44abf26aa83513d4f?X-Amz-Algorithm=AWS4-HMAC-SHA256&X-Amz-Content-Sha256=UNSIGNED-PAYLOAD&X-Amz-Credential=cas%2F20260528%2Fus-east-1%2Fs3%2Faws4_request&X-Amz-Date=20260528T072610Z&X-Amz-Expires=3600&X-Amz-Signature=6bd79234a443bdcebbc08bd52d06f6f5a36fa445a32675ba67e815905744932f&X-Amz-SignedHeaders=host&X-Xet-Cas-Uid=public&response-content-disposition=inline%3B+filename*%3DUTF-8%27%27test.csv%3B+filename%3D%22test.csv%22%3B&response-content-type=text%2Fcsv&x-amz-checksum-mode=ENABLED&x-id=GetObject&Expires=1779956770&Policy=eyJTdGF0ZW1lbnQiOlt7IkNvbmRpdGlvbiI6eyJEYXRlTGVzc1RoYW4iOnsiQVdTOkVwb2NoVGltZSI6MTc3OTk1Njc3MH19LCJSZXNvdXJjZSI6Imh0dHBzOi8vY2FzLWJyaWRnZS54ZXRodWIuaGYuY28veGV0LWJyaWRnZS11cy82NzliNWEyNTE5ZTdjOThmZjMwOTQxYjUvY2Q2YjBkYWJlM2JkZGMyY2I1NjYzYmRmMzczOGI2ODc3OGViOGYyMzIyZTI4ZGE0NGFiZjI2YWE4MzUxM2Q0ZioifV19&Signature=DbXZbzhIYIJ2VF2bVXLh8A1ZUiRazdcUvX1ga0b6JLYjPyJmgSyNrKSXBHsS86prLkIUsAwMJXAV8fkRRGgfM7-R8WVSbVU%7Ew1AnXXOSpSDN7vNAyOLjrMHaNLhv2d47%7EjK1HVbtk%7ET0zqhQ18ANnmO31kt62nho6w6m8CwmJsO1BDP1LiTaVA33I3mLeYcinKM9rA27Yips1l2sJ4gTV%7Eh1SNgktRvnwFK4bzBExuJ3oJXf8bnY6x0pUs9FusFt25jTQ6IFlT22yvkmek%7EBrnjKqCA3WW8RqGQ7MCdQeSQBMBQNRGtn60mYk5gQ%7EPPlg0CWceTbU2WRyeDgUwwjCQ__&Key-Pair-Id=K2L8F4GPSG1IFC "HTTP/1.1 206 Partial Content"
2026-05-28 09:26:10 - httpx - INFO - HTTP Request: GET https://huggingface.co/datasets/AI4Protein/EC/resolve/main/valid.csv "HTTP/1.1 302 Found"
2026-05-28 09:26:10 - httpx - INFO - HTTP Request: GET https://cas-bridge.xethub.hf.co/xet-bridge-us/679b5a2519e7c98ff30941b5/aaaf085c5d350ea28e263d1762016e370d180692fc036bac36f049fa5850eb02?X-Amz-Algorithm=AWS4-HMAC-SHA256&X-Amz-Content-Sha256=UNSIGNED-PAYLOAD&X-Amz-Credential=cas%2F20260528%2Fus-east-1%2Fs3%2Faws4_request&X-Amz-Date=20260528T072610Z&X-Amz-Expires=3600&X-Amz-Signature=fc9075503e156846ec7ed7928136222eca2158291712f0a60539c962c4260561&X-Amz-SignedHeaders=host&X-Xet-Cas-Uid=public&response-content-disposition=inline%3B+filename*%3DUTF-8%27%27valid.csv%3B+filename%3D%22valid.csv%22%3B&response-content-type=text%2Fcsv&x-amz-checksum-mode=ENABLED&x-id=GetObject&Expires=1779956770&Policy=eyJTdGF0ZW1lbnQiOlt7IkNvbmRpdGlvbiI6eyJEYXRlTGVzc1RoYW4iOnsiQVdTOkVwb2NoVGltZSI6MTc3OTk1Njc3MH19LCJSZXNvdXJjZSI6Imh0dHBzOi8vY2FzLWJyaWRnZS54ZXRodWIuaGYuY28veGV0LWJyaWRnZS11cy82NzliNWEyNTE5ZTdjOThmZjMwOTQxYjUvYWFhZjA4NWM1ZDM1MGVhMjhlMjYzZDE3NjIwMTZlMzcwZDE4MDY5MmZjMDM2YmFjMzZmMDQ5ZmE1ODUwZWIwMioifV19&Signature=EWBgoWtFSUg5obDjqfa8csav3bHjT2XzohLAQ-tBtzUiD4lOOHZF%7E-PeWyglr9rrdMlqF0IbGZDBgsa9De2KdGbDvGMgQvCXXSVSHny3NGNdUHNCBvh3W4AuSK8TtguO4jXk0ehrfUK14KZj6SyVgp5WMjf0Z4iRSLtqntRmYu4u3cFGTnmsLLpLiP%7EGahZZ5fqGU243S7p3bcF4ecDAHyW9-0UWuyLCwGuHrqfwBrv%7EsVOWTc0Swej5oJxBs2WBbCtkc8XCW-ng4ZPUpdlUTWF6hjpkXG6HcaGUvidyNd93LPN0IZf8hkUOcbFRwFHv7FEE7rXcWKsd8yeywzZ8aw__&Key-Pair-Id=K2L8F4GPSG1IFC "HTTP/1.1 206 Partial Content"
2026-05-28 09:26:10 - __main__ - INFO - Dataset was gathered with status code: success
2026-05-28 09:26:11 - __main__ - INFO - The original dataset has shape: (16159, 2)
2026-05-28 09:26:11 - __main__ - INFO - The cleaned dataset has shape: (16159, 2)
2026-05-28 09:26:11 - __main__ - INFO - ../data/ec.csv temporary file was removed.
2026-05-28 09:26:11 - __main__ - INFO - Cleaned ec is exported to ../data/ec_clean.csv

2026-05-28 09:26:13 - __main__ - INFO - Dataprep is running for pfam
2026-05-28 09:26:14 - __main__ - INFO - Dataset was gathered with status code: 200
2026-05-28 09:26:14 - __main__ - INFO - The original dataset has shape: (46872, 2)
2026-05-28 09:26:14 - __main__ - INFO - The cleaned dataset has shape: (45755, 2)
2026-05-28 09:26:14 - __main__ - INFO - ../data/pfam.csv temporary file was removed.
2026-05-28 09:26:15 - __main__ - INFO - Cleaned pfam is exported to ../data/pfam_clean.csv

