2026-07-09 22:47:18 - __main__ - INFO - Filename: scanprosite.py started.
2026-07-09 22:52:17 - __main__ - INFO - 100th sequence (/6892) is done scanning.
2026-07-09 22:57:24 - __main__ - INFO - 200th sequence (/6892) is done scanning.
2026-07-09 23:02:34 - __main__ - INFO - 300th sequence (/6892) is done scanning.
2026-07-09 23:08:08 - __main__ - INFO - 400th sequence (/6892) is done scanning.
2026-07-09 23:13:02 - __main__ - INFO - 500th sequence (/6892) is done scanning.
2026-07-09 23:17:55 - __main__ - INFO - 600th sequence (/6892) is done scanning.
2026-07-09 23:22:38 - __main__ - INFO - 700th sequence (/6892) is done scanning.
2026-07-09 23:27:31 - __main__ - INFO - 800th sequence (/6892) is done scanning.
2026-07-09 23:32:24 - __main__ - INFO - 900th sequence (/6892) is done scanning.
2026-07-09 23:37:08 - __main__ - INFO - 1000th sequence (/6892) is done scanning.
2026-07-09 23:42:01 - __main__ - INFO - 1100th sequence (/6892) is done scanning.
2026-07-09 23:46:43 - __main__ - INFO - 1200th sequence (/6892) is done scanning.
2026-07-09 23:51:33 - __main__ - INFO - 1300th sequence (/6892) is done scanning.
2026-07-09 23:56:24 - __main__ - INFO - 1400th sequence (/6892) is done scanning.
2026-07-10 00:01:34 - __main__ - INFO - 1500th sequence (/6892) is done scanning.
2026-07-10 00:06:29 - __main__ - INFO - 1600th sequence (/6892) is done scanning.
2026-07-10 00:11:14 - __main__ - INFO - 1700th sequence (/6892) is done scanning.
2026-07-10 00:15:57 - __main__ - INFO - 1800th sequence (/6892) is done scanning.
2026-07-10 00:20:42 - __main__ - INFO - 1900th sequence (/6892) is done scanning.
2026-07-10 00:25:33 - __main__ - INFO - 2000th sequence (/6892) is done scanning.
2026-07-10 00:30:18 - __main__ - INFO - 2100th sequence (/6892) is done scanning.
2026-07-10 00:35:07 - __main__ - INFO - 2200th sequence (/6892) is done scanning.
2026-07-10 00:39:57 - __main__ - INFO - 2300th sequence (/6892) is done scanning.
2026-07-10 00:44:58 - __main__ - INFO - 2400th sequence (/6892) is done scanning.
2026-07-10 00:49:56 - __main__ - INFO - 2500th sequence (/6892) is done scanning.
2026-07-10 00:54:51 - __main__ - INFO - 2600th sequence (/6892) is done scanning.
2026-07-10 00:59:41 - __main__ - INFO - 2700th sequence (/6892) is done scanning.
2026-07-10 01:04:41 - __main__ - INFO - 2800th sequence (/6892) is done scanning.
2026-07-10 01:09:33 - __main__ - INFO - 2900th sequence (/6892) is done scanning.
2026-07-10 01:14:26 - __main__ - INFO - 3000th sequence (/6892) is done scanning.
2026-07-10 01:19:24 - __main__ - INFO - 3100th sequence (/6892) is done scanning.
2026-07-10 01:23:48 - __main__ - INFO - 3200th sequence (/6892) is done scanning.
2026-07-10 01:28:28 - __main__ - INFO - 3300th sequence (/6892) is done scanning.
2026-07-10 01:32:53 - __main__ - INFO - 3400th sequence (/6892) is done scanning.
2026-07-10 01:37:14 - __main__ - INFO - 3500th sequence (/6892) is done scanning.
2026-07-10 01:41:39 - __main__ - INFO - 3600th sequence (/6892) is done scanning.
2026-07-10 01:46:12 - __main__ - INFO - 3700th sequence (/6892) is done scanning.
2026-07-10 01:50:33 - __main__ - INFO - 3800th sequence (/6892) is done scanning.
2026-07-10 01:55:01 - __main__ - INFO - 3900th sequence (/6892) is done scanning.
2026-07-10 01:59:31 - __main__ - INFO - 4000th sequence (/6892) is done scanning.
2026-07-10 02:04:07 - __main__ - INFO - 4100th sequence (/6892) is done scanning.
2026-07-10 02:08:39 - __main__ - INFO - 4200th sequence (/6892) is done scanning.
2026-07-10 02:13:03 - __main__ - INFO - 4300th sequence (/6892) is done scanning.
2026-07-10 02:17:24 - __main__ - INFO - 4400th sequence (/6892) is done scanning.
2026-07-10 02:21:42 - __main__ - INFO - 4500th sequence (/6892) is done scanning.
2026-07-10 02:26:03 - __main__ - INFO - 4600th sequence (/6892) is done scanning.
2026-07-10 02:30:26 - __main__ - INFO - 4700th sequence (/6892) is done scanning.
2026-07-10 02:35:11 - __main__ - INFO - 4800th sequence (/6892) is done scanning.
2026-07-10 02:40:04 - __main__ - INFO - 4900th sequence (/6892) is done scanning.
2026-07-10 02:44:50 - __main__ - INFO - 5000th sequence (/6892) is done scanning.
2026-07-10 02:49:13 - __main__ - INFO - 5100th sequence (/6892) is done scanning.
2026-07-10 02:53:35 - __main__ - INFO - 5200th sequence (/6892) is done scanning.
2026-07-10 02:57:56 - __main__ - INFO - 5300th sequence (/6892) is done scanning.
2026-07-10 03:01:05 - __main__ - INFO - Problem with 5370th sequence: HTTP Error 414: Request-URI Too Long
2026-07-10 03:02:21 - __main__ - INFO - 5400th sequence (/6892) is done scanning.
2026-07-10 03:07:00 - __main__ - INFO - 5500th sequence (/6892) is done scanning.
2026-07-10 03:11:22 - __main__ - INFO - 5600th sequence (/6892) is done scanning.
2026-07-10 03:15:53 - __main__ - INFO - 5700th sequence (/6892) is done scanning.
2026-07-10 03:20:06 - __main__ - INFO - 5800th sequence (/6892) is done scanning.
2026-07-10 03:24:48 - __main__ - INFO - 5900th sequence (/6892) is done scanning.
2026-07-10 03:29:15 - __main__ - INFO - 6000th sequence (/6892) is done scanning.
2026-07-10 03:33:39 - __main__ - INFO - 6100th sequence (/6892) is done scanning.
2026-07-10 03:37:52 - __main__ - INFO - 6200th sequence (/6892) is done scanning.
2026-07-10 03:42:23 - __main__ - INFO - 6300th sequence (/6892) is done scanning.
2026-07-10 03:46:43 - __main__ - INFO - 6400th sequence (/6892) is done scanning.
2026-07-10 03:51:03 - __main__ - INFO - 6500th sequence (/6892) is done scanning.
2026-07-10 03:55:37 - __main__ - INFO - 6600th sequence (/6892) is done scanning.
2026-07-10 04:00:17 - __main__ - INFO - 6700th sequence (/6892) is done scanning.
2026-07-10 04:04:30 - __main__ - INFO - 6800th sequence (/6892) is done scanning.
2026-07-10 04:08:34 - __main__ - INFO - Motives are written into ../results/prosite_motives.csv
2026-07-10 04:08:34 - __main__ - INFO - Signatures are written into ../results/prosite_signatures.csv
