2026-08-03 15:30:22 - __main__ - INFO - Filename: scanprosite.py started.
2026-08-03 15:35:17 - __main__ - INFO - 100th sequence (/6892) is done scanning.
2026-08-03 15:40:24 - __main__ - INFO - 200th sequence (/6892) is done scanning.
2026-08-03 15:45:36 - __main__ - INFO - 300th sequence (/6892) is done scanning.
2026-08-03 15:50:58 - __main__ - INFO - 400th sequence (/6892) is done scanning.
2026-08-03 15:55:52 - __main__ - INFO - 500th sequence (/6892) is done scanning.
2026-08-03 16:00:46 - __main__ - INFO - 600th sequence (/6892) is done scanning.
2026-08-03 16:05:29 - __main__ - INFO - 700th sequence (/6892) is done scanning.
2026-08-03 16:10:24 - __main__ - INFO - 800th sequence (/6892) is done scanning.
2026-08-03 16:15:20 - __main__ - INFO - 900th sequence (/6892) is done scanning.
2026-08-03 16:20:08 - __main__ - INFO - 1000th sequence (/6892) is done scanning.
2026-08-03 16:25:02 - __main__ - INFO - 1100th sequence (/6892) is done scanning.
2026-08-03 16:29:57 - __main__ - INFO - 1200th sequence (/6892) is done scanning.
2026-08-03 16:34:45 - __main__ - INFO - 1300th sequence (/6892) is done scanning.
2026-08-03 16:39:31 - __main__ - INFO - 1400th sequence (/6892) is done scanning.
2026-08-03 16:44:33 - __main__ - INFO - 1500th sequence (/6892) is done scanning.
2026-08-03 16:49:24 - __main__ - INFO - 1600th sequence (/6892) is done scanning.
2026-08-03 16:54:08 - __main__ - INFO - 1700th sequence (/6892) is done scanning.
2026-08-03 16:58:51 - __main__ - INFO - 1800th sequence (/6892) is done scanning.
2026-08-03 17:03:37 - __main__ - INFO - 1900th sequence (/6892) is done scanning.
2026-08-03 17:08:30 - __main__ - INFO - 2000th sequence (/6892) is done scanning.
2026-08-03 17:13:17 - __main__ - INFO - 2100th sequence (/6892) is done scanning.
2026-08-03 17:18:02 - __main__ - INFO - 2200th sequence (/6892) is done scanning.
2026-08-03 17:22:55 - __main__ - INFO - 2300th sequence (/6892) is done scanning.
2026-08-03 17:27:54 - __main__ - INFO - 2400th sequence (/6892) is done scanning.
2026-08-03 17:32:51 - __main__ - INFO - 2500th sequence (/6892) is done scanning.
2026-08-03 17:37:47 - __main__ - INFO - 2600th sequence (/6892) is done scanning.
2026-08-03 17:42:34 - __main__ - INFO - 2700th sequence (/6892) is done scanning.
2026-08-03 17:47:26 - __main__ - INFO - 2800th sequence (/6892) is done scanning.
2026-08-03 17:52:11 - __main__ - INFO - 2900th sequence (/6892) is done scanning.
2026-08-03 17:56:57 - __main__ - INFO - 3000th sequence (/6892) is done scanning.
2026-08-03 18:01:51 - __main__ - INFO - 3100th sequence (/6892) is done scanning.
2026-08-03 18:06:14 - __main__ - INFO - 3200th sequence (/6892) is done scanning.
2026-08-03 18:10:52 - __main__ - INFO - 3300th sequence (/6892) is done scanning.
2026-08-03 18:15:17 - __main__ - INFO - 3400th sequence (/6892) is done scanning.
2026-08-03 18:19:36 - __main__ - INFO - 3500th sequence (/6892) is done scanning.
2026-08-03 18:24:06 - __main__ - INFO - 3600th sequence (/6892) is done scanning.
2026-08-03 18:28:36 - __main__ - INFO - 3700th sequence (/6892) is done scanning.
2026-08-03 18:32:55 - __main__ - INFO - 3800th sequence (/6892) is done scanning.
2026-08-03 18:37:20 - __main__ - INFO - 3900th sequence (/6892) is done scanning.
2026-08-03 18:41:49 - __main__ - INFO - 4000th sequence (/6892) is done scanning.
2026-08-03 18:46:21 - __main__ - INFO - 4100th sequence (/6892) is done scanning.
2026-08-03 18:50:48 - __main__ - INFO - 4200th sequence (/6892) is done scanning.
2026-08-03 18:55:15 - __main__ - INFO - 4300th sequence (/6892) is done scanning.
2026-08-03 18:59:36 - __main__ - INFO - 4400th sequence (/6892) is done scanning.
2026-08-03 19:03:54 - __main__ - INFO - 4500th sequence (/6892) is done scanning.
2026-08-03 19:08:16 - __main__ - INFO - 4600th sequence (/6892) is done scanning.
2026-08-03 19:12:39 - __main__ - INFO - 4700th sequence (/6892) is done scanning.
2026-08-03 19:17:22 - __main__ - INFO - 4800th sequence (/6892) is done scanning.
2026-08-03 19:22:11 - __main__ - INFO - 4900th sequence (/6892) is done scanning.
2026-08-03 19:26:53 - __main__ - INFO - 5000th sequence (/6892) is done scanning.
2026-08-03 19:31:12 - __main__ - INFO - 5100th sequence (/6892) is done scanning.
2026-08-03 19:35:33 - __main__ - INFO - 5200th sequence (/6892) is done scanning.
2026-08-03 19:39:50 - __main__ - INFO - 5300th sequence (/6892) is done scanning.
2026-08-03 19:43:00 - __main__ - INFO - Problem with 5370th sequence: HTTP Error 414: Request-URI Too Long
2026-08-03 19:44:16 - __main__ - INFO - 5400th sequence (/6892) is done scanning.
2026-08-03 19:48:54 - __main__ - INFO - 5500th sequence (/6892) is done scanning.
2026-08-03 19:53:17 - __main__ - INFO - 5600th sequence (/6892) is done scanning.
2026-08-03 19:57:48 - __main__ - INFO - 5700th sequence (/6892) is done scanning.
2026-08-03 20:02:03 - __main__ - INFO - 5800th sequence (/6892) is done scanning.
2026-08-03 20:06:49 - __main__ - INFO - 5900th sequence (/6892) is done scanning.
2026-08-03 20:11:15 - __main__ - INFO - 6000th sequence (/6892) is done scanning.
2026-08-03 20:15:40 - __main__ - INFO - 6100th sequence (/6892) is done scanning.
2026-08-03 20:19:53 - __main__ - INFO - 6200th sequence (/6892) is done scanning.
2026-08-03 20:24:24 - __main__ - INFO - 6300th sequence (/6892) is done scanning.
2026-08-03 20:28:44 - __main__ - INFO - 6400th sequence (/6892) is done scanning.
2026-08-03 20:33:04 - __main__ - INFO - 6500th sequence (/6892) is done scanning.
2026-08-03 20:37:37 - __main__ - INFO - 6600th sequence (/6892) is done scanning.
2026-08-03 20:42:19 - __main__ - INFO - 6700th sequence (/6892) is done scanning.
2026-08-03 20:46:32 - __main__ - INFO - 6800th sequence (/6892) is done scanning.
2026-08-03 20:50:37 - __main__ - INFO - Motives are written into data/prosite_motives.csv
2026-08-03 20:50:37 - __main__ - INFO - Signatures are written into data/prosite_signatures.csv
