2026-06-05 16:54:52 - __main__ - INFO - Filename: training_noise.py started.
2026-06-05 16:55:11 - __main__ - INFO - Accuracy is 0.7800348229831688 and auroc is 0.7505301768279242 with WCYKMVHQFDGRLITNEASP encoding and index 0.
2026-06-05 16:55:29 - __main__ - INFO - Accuracy is 0.7782936738247244 and auroc is 0.7477258204486413 with ETHMDRFVICQAYWLSKPNG encoding and index 1.
2026-06-05 16:55:47 - __main__ - INFO - Accuracy is 0.7852582704585026 and auroc is 0.7538249467730369 with PFWALGEMCVITRDNHYQSK encoding and index 2.
2026-06-05 16:56:05 - __main__ - INFO - Accuracy is 0.788160185722577 and auroc is 0.7529355053840853 with RDCVFTHISPLNYWQGAKEM encoding and index 3.
2026-06-05 16:56:23 - __main__ - INFO - Accuracy is 0.7811955890887986 and auroc is 0.7477265180497306 with YEWHQFAVPNSMLDTIKCGR encoding and index 4.
2026-06-05 16:56:41 - __main__ - INFO - Accuracy is 0.7800348229831688 and auroc is 0.752087920060496 with DGVYPCNMQWIFKLATHSRE encoding and index 5.
2026-06-05 16:56:58 - __main__ - INFO - Accuracy is 0.7771329077190946 and auroc is 0.7422956935689551 with VIGHKDSRFNPCWATQYELM encoding and index 6.
2026-06-05 16:57:16 - __main__ - INFO - Accuracy is 0.7695879280325014 and auroc is 0.7419378242101062 with CVDGNAWHQYMRKTLPIEFS encoding and index 7.
2026-06-05 16:57:34 - __main__ - INFO - Accuracy is 0.7730702263493906 and auroc is 0.7370874038356899 with INHSWFPDQCTARYKMGLVE encoding and index 8.
2026-06-05 16:57:53 - __main__ - INFO - Accuracy is 0.7852582704585026 and auroc is 0.7540474815205471 with EHIGTSDFLMWNRAPQYVKC encoding and index 9.
2026-06-05 16:58:11 - __main__ - INFO - Accuracy is 0.7811955890887986 and auroc is 0.7544025604750385 with IMGHEWQDRKVTYPNCASFL encoding and index 10.
2026-06-05 16:58:28 - __main__ - INFO - Accuracy is 0.7771329077190946 and auroc is 0.745633714781609 with EGMHRYSLWFNAKDICPQVT encoding and index 11.
2026-06-05 16:58:46 - __main__ - INFO - Accuracy is 0.7788740568775392 and auroc is 0.7471028626758304 with YQLIRTMKGFCWAPSEDVHN encoding and index 12.
2026-06-05 16:59:04 - __main__ - INFO - Accuracy is 0.7904817179338364 and auroc is 0.762460550658396 with NPACKGISRQEVLFDHYMTW encoding and index 13.
2026-06-05 16:59:22 - __main__ - INFO - Accuracy is 0.7719094602437608 and auroc is 0.7425614795840065 with YGDCFRETVLQKASWMHIPN encoding and index 14.
2026-06-05 16:59:40 - __main__ - INFO - Accuracy is 0.77539175856065 and auroc is 0.7419392194122849 with YSELFDMTQCHVRINWAGPK encoding and index 15.
2026-06-05 16:59:58 - __main__ - INFO - Accuracy is 0.7724898432965758 and auroc is 0.7414934523161751 with EVTSPIHDKMAYWQFNCGRL encoding and index 16.
2026-06-05 17:00:16 - __main__ - INFO - Accuracy is 0.7939640162507254 and auroc is 0.7627284294767155 with REDQGKPCMNIFWALTHYVS encoding and index 17.
2026-06-05 17:00:36 - __main__ - INFO - Accuracy is 0.783517121300058 and auroc is 0.753468472616367 with EFYAPNHILWCTQKSDRVGM encoding and index 18.
2026-06-05 17:00:54 - __main__ - INFO - Accuracy is 0.7771329077190946 and auroc is 0.74652385377165 with ITQELAFNPCGYHVWSMKDR encoding and index 19.
2026-06-05 17:01:13 - __main__ - INFO - Accuracy is 0.7759721416134648 and auroc is 0.7457669565896795 with TQMFCRVPYGKWADIHNLSE encoding and index 20.
2026-06-05 17:01:31 - __main__ - INFO - Accuracy is 0.787579802669762 and auroc is 0.7609021098247347 with IMYQGVWNHRCDPEKATFSL encoding and index 21.
2026-06-05 17:01:49 - __main__ - INFO - Accuracy is 0.7736506094022054 and auroc is 0.7351292375778176 with MRVECIGLQDWKTNSHYAPF encoding and index 22.
2026-06-05 17:02:07 - __main__ - INFO - Accuracy is 0.783517121300058 and auroc is 0.7521332641313054 with AMDCFGRSETINPQVWLKHY encoding and index 23.
2026-06-05 17:02:24 - __main__ - INFO - Accuracy is 0.7748113755078352 and auroc is 0.7383340169824009 with QHVGLKRTIMPYWSNFCAED encoding and index 24.
2026-06-05 17:02:42 - __main__ - INFO - Accuracy is 0.7765525246662798 and auroc is 0.7429186513417658 with QNDMHWTAEICGRLYVKPSF encoding and index 25.
2026-06-05 17:03:00 - __main__ - INFO - Accuracy is 0.7777132907719094 and auroc is 0.7483487782214521 with KWPRNLGSIVDFAMQEYCTH encoding and index 26.
2026-06-05 17:03:18 - __main__ - INFO - Accuracy is 0.7748113755078352 and auroc is 0.7403368297099933 with ISANVEHFRPMDCQLWGTKY encoding and index 27.
2026-06-05 17:03:36 - __main__ - INFO - Accuracy is 0.7701683110853164 and auroc is 0.7399796579522337 with NMYQFRDHLKWSTVPIEAGC encoding and index 28.
2026-06-05 17:03:53 - __main__ - INFO - Accuracy is 0.7765525246662798 and auroc is 0.7467017420494403 with INSVFHMRWQEGTCLAKDPY encoding and index 29.
2026-06-05 17:04:12 - __main__ - INFO - Accuracy is 0.779454439930354 and auroc is 0.7458123006604888 with NASRLHMKTECWDIPFVQYG encoding and index 30.
2026-06-05 17:04:29 - __main__ - INFO - Accuracy is 0.7765525246662798 and auroc is 0.7409158386141736 with SAGQKFEICLNVYRMPHDTW encoding and index 31.
2026-06-05 17:04:47 - __main__ - INFO - Accuracy is 0.7864190365641324 and auroc is 0.7530241007224358 with KSHPVAQDRTCYFLMWEIGN encoding and index 32.
2026-06-05 17:05:05 - __main__ - INFO - Accuracy is 0.7800348229831688 and auroc is 0.7440766691501266 with VKSWGANFYCRMPTQHELDI encoding and index 33.
2026-06-05 17:05:23 - __main__ - INFO - Accuracy is 0.7788740568775392 and auroc is 0.7473253974233405 with SIYQATPRHKVDWNGEFLMC encoding and index 34.
2026-06-05 17:05:41 - __main__ - INFO - Accuracy is 0.7817759721416134 and auroc is 0.7493289077520223 with DGTQREFHIMWNKYAVCPSL encoding and index 35.
2026-06-05 17:05:58 - __main__ - INFO - Accuracy is 0.7933836331979106 and auroc is 0.7591232270468313 with VQRWNTEAFHIYLPSMCKDG encoding and index 36.
2026-06-05 17:06:16 - __main__ - INFO - Accuracy is 0.788160185722577 and auroc is 0.7607242215469444 with CRWHAFDYLVIQKGMTEPNS encoding and index 37.
2026-06-05 17:06:34 - __main__ - INFO - Accuracy is 0.7840975043528728 and auroc is 0.7524004453485355 with RKGWHTQEVSMAPLIYDFNC encoding and index 38.
2026-06-05 17:06:52 - __main__ - INFO - Accuracy is 0.77539175856065 and auroc is 0.7421617541597954 with DRQGIPVMCKSTNEHFAWYL encoding and index 39.
2026-06-05 17:07:10 - __main__ - INFO - Accuracy is 0.7864190365641324 and auroc is 0.7539142397124768 with LYQFKNVTASRMEDWPCGIH encoding and index 40.
2026-06-05 17:07:28 - __main__ - INFO - Accuracy is 0.7858386535113174 and auroc is 0.7583202881929622 with MNRHFSTVQKGILWCYDPEA encoding and index 41.
2026-06-05 17:07:46 - __main__ - INFO - Accuracy is 0.7788740568775392 and auroc is 0.7479930016658713 with AVSCKGNEWTQDLYFPIMRH encoding and index 42.
2026-06-05 17:08:03 - __main__ - INFO - Accuracy is 0.7829367382472432 and auroc is 0.7498632701864827 with LHYRGKPMSWIDQNCETVAF encoding and index 43.
2026-06-05 17:08:21 - __main__ - INFO - Accuracy is 0.783517121300058 and auroc is 0.7494628471611823 with SRLDGNWCHPIKMTFAYQVE encoding and index 44.
2026-06-05 17:08:39 - __main__ - INFO - Accuracy is 0.7817759721416134 and auroc is 0.7535570679547172 with PTYDSVMIQHRGCKLFWAEN encoding and index 45.
2026-06-05 17:08:56 - __main__ - INFO - Accuracy is 0.7759721416134648 and auroc is 0.7446542828521281 with CEFMYPSQLRHIAWDVTNKG encoding and index 46.
2026-06-05 17:09:14 - __main__ - INFO - Accuracy is 0.7695879280325014 and auroc is 0.7339265732997367 with MRWFSDCGLPQNVAETKYHI encoding and index 47.
2026-06-05 17:09:32 - __main__ - INFO - Accuracy is 0.783517121300058 and auroc is 0.7579191675665721 with CLGIKPWENMQSDRHYTFVA encoding and index 48.
2026-06-05 17:09:49 - __main__ - INFO - Accuracy is 0.7806152060359838 and auroc is 0.748794545317562 with RYLHWIVENAFDCTSGPKQM encoding and index 49.
2026-06-05 17:10:07 - __main__ - INFO - Accuracy is 0.7678467788740568 and auroc is 0.7333475643955566 with SKLWEYIDVMPGHFRCQNAT encoding and index 50.
2026-06-05 17:10:25 - __main__ - INFO - Accuracy is 0.7864190365641324 and auroc is 0.7539142397124768 with CPSDIHEKQNMRVFTWYLAG encoding and index 51.
2026-06-05 17:10:42 - __main__ - INFO - Accuracy is 0.7840975043528728 and auroc is 0.7566286055512305 with HDFKVITLPCWESRYMGAQN encoding and index 52.
2026-06-05 17:11:00 - __main__ - INFO - Accuracy is 0.7782936738247244 and auroc is 0.7475032857011308 with ARIVKNCQHEFWSDYMLPTG encoding and index 53.
2026-06-05 17:11:18 - __main__ - INFO - Accuracy is 0.7782936738247244 and auroc is 0.7419399170133744 with EQVNWPFMHLRTKACIYDGS encoding and index 54.
2026-06-05 17:11:36 - __main__ - INFO - Accuracy is 0.7811955890887986 and auroc is 0.7437208925945458 with FYDLMRPSVEAHCNTWGKIQ encoding and index 55.
2026-06-05 17:11:53 - __main__ - INFO - Accuracy is 0.7817759721416134 and auroc is 0.7502190467420634 with GRETQVCKPYHIWLMNDASF encoding and index 56.
2026-06-05 17:12:11 - __main__ - INFO - Accuracy is 0.7829367382472432 and auroc is 0.7478604574588904 with EFAHPMTQNRWLICVKDYGS encoding and index 57.
2026-06-05 17:12:29 - __main__ - INFO - Accuracy is 0.7771329077190946 and auroc is 0.7425182283164653 with TQPNIDVKSHWGMCLFYRAE encoding and index 58.
2026-06-05 17:12:47 - __main__ - INFO - Accuracy is 0.7707486941381312 and auroc is 0.7384665611893819 with DYFKMCHRITWEALGSNQPV encoding and index 59.
2026-06-05 17:13:05 - __main__ - INFO - Accuracy is 0.7684271619268718 and auroc is 0.7358400930878893 with RVYPFAGTINDWLKESMHCQ encoding and index 60.
2026-06-05 17:13:22 - __main__ - INFO - Accuracy is 0.779454439930354 and auroc is 0.7471475091455503 with HLQPAYFKGICMNVRSTDWE encoding and index 61.
2026-06-05 17:13:41 - __main__ - INFO - Accuracy is 0.7730702263493906 and auroc is 0.7419831682809155 with PHIDASTEKYQRFCGMNLVW encoding and index 62.
2026-06-05 17:13:58 - __main__ - INFO - Accuracy is 0.7678467788740568 and auroc is 0.7366855856082105 with SFCLQIMTYKGEHDWRVANP encoding and index 63.
2026-06-05 17:14:16 - __main__ - INFO - Accuracy is 0.7765525246662798 and auroc is 0.7440313250793172 with LGENIQYPCADRVMKSTWHF encoding and index 64.
2026-06-05 17:14:34 - __main__ - INFO - Accuracy is 0.7661056297156124 and auroc is 0.7345488334714584 with MAESPVFDNLQYGWCTHIKR encoding and index 65.
2026-06-05 17:14:52 - __main__ - INFO - Accuracy is 0.7829367382472432 and auroc is 0.7527562219041162 with CTFGELVKDRHPNIAWMSQY encoding and index 66.
2026-06-05 17:15:09 - __main__ - INFO - Accuracy is 0.788160185722577 and auroc is 0.7551608528591878 with KCDQFWVATPRHYNSLIGME encoding and index 67.
2026-06-05 17:15:27 - __main__ - INFO - Accuracy is 0.7684271619268718 and auroc is 0.734727419350338 with TDCGRLQNEHVYKSAPMFIW encoding and index 68.
2026-06-05 17:15:45 - __main__ - INFO - Accuracy is 0.767266395821242 and auroc is 0.73619586964347 with RTVIDQPEMFGSAHCKWYLN encoding and index 69.
2026-06-05 17:16:03 - __main__ - INFO - Accuracy is 0.771329077190946 and auroc is 0.7411816246292249 with HSMENPDLCTQVKIFGYAWR encoding and index 70.
2026-06-05 17:16:21 - __main__ - INFO - Accuracy is 0.7800348229831688 and auroc is 0.748749898847842 with FRGISVPLEWHMACDTKYQN encoding and index 71.
2026-06-05 17:16:38 - __main__ - INFO - Accuracy is 0.7782936738247244 and auroc is 0.7477258204486413 with PHELDCNFQAKSIVTWGMRY encoding and index 72.
2026-06-05 17:16:56 - __main__ - INFO - Accuracy is 0.7765525246662798 and auroc is 0.7413609081091942 with DANLYSPGFQIVHCEKTMRW encoding and index 73.
2026-06-05 17:17:14 - __main__ - INFO - Accuracy is 0.7852582704585026 and auroc is 0.7538249467730369 with ACVSIQHDKRETNGMPWFYL encoding and index 74.
2026-06-05 17:17:31 - __main__ - INFO - Accuracy is 0.77539175856065 and auroc is 0.748615261837593 with WNQFPLGERSIYCDHMAKVT encoding and index 75.
2026-06-05 17:17:49 - __main__ - INFO - Accuracy is 0.7887405687753918 and auroc is 0.7592111247840925 with NLTHSEVGFPRWKQDYMAIC encoding and index 76.
2026-06-05 17:18:07 - __main__ - INFO - Accuracy is 0.783517121300058 and auroc is 0.755248750596449 with RKCTQDSLMFHYVEPWIAGN encoding and index 77.
2026-06-05 17:18:24 - __main__ - INFO - Accuracy is 0.771329077190946 and auroc is 0.7380661381640814 with YIDQCMSAVHTFNWPERLKG encoding and index 78.
2026-06-05 17:18:42 - __main__ - INFO - Accuracy is 0.7782936738247244 and auroc is 0.7472807509536207 with HRAWVGLQFDPNYSTICKEM encoding and index 79.
2026-06-05 17:19:00 - __main__ - INFO - Accuracy is 0.7817759721416134 and auroc is 0.7499965119945531 with VQPLKYNAFDGCTRIWEMHS encoding and index 80.
2026-06-05 17:19:18 - __main__ - INFO - Accuracy is 0.779454439930354 and auroc is 0.749372856620653 with IKSHGDALFVPMQWYTNRCE encoding and index 81.
2026-06-05 17:19:35 - __main__ - INFO - Accuracy is 0.779454439930354 and auroc is 0.7500404608631838 with ISRPFGLKVNCMAWHTQYDE encoding and index 82.
2026-06-05 17:19:53 - __main__ - INFO - Accuracy is 0.7759721416134648 and auroc is 0.745321887094659 with QLCHDVGSNRFMPEYTAIKW encoding and index 83.
2026-06-05 17:20:11 - __main__ - INFO - Accuracy is 0.767266395821242 and auroc is 0.7408690993411855 with HISENLKDGTFPYCWAQRVM encoding and index 84.
2026-06-05 17:20:29 - __main__ - INFO - Accuracy is 0.7858386535113174 and auroc is 0.7569850797079004 with LWDRHPINKCYGSTVEFQAM encoding and index 85.
2026-06-05 17:20:47 - __main__ - INFO - Accuracy is 0.7806152060359838 and auroc is 0.7476818715800106 with RYVDGHFMTICQWSNLKEPA encoding and index 86.
2026-06-05 17:21:05 - __main__ - INFO - Accuracy is 0.7887405687753918 and auroc is 0.7565407078139694 with DFCGVINPRKMWLAETYSQH encoding and index 87.
2026-06-05 17:21:22 - __main__ - INFO - Accuracy is 0.7846778874056878 and auroc is 0.7517774875757247 with HLNIKWEQDPTRYCGFMVSA encoding and index 88.
2026-06-05 17:21:40 - __main__ - INFO - Accuracy is 0.7759721416134648 and auroc is 0.745544421842169 with EHPLTWASVIRCDKMGNQFY encoding and index 89.
2026-06-05 17:21:57 - __main__ - INFO - Accuracy is 0.7724898432965758 and auroc is 0.7394906395885827 with PVHTLCKRQNYASDGMFIEW encoding and index 90.
2026-06-05 17:22:15 - __main__ - INFO - Accuracy is 0.7788740568775392 and auroc is 0.7437648414631766 with NSEIHKQALCTVPDGFYMRW encoding and index 91.
2026-06-05 17:22:33 - __main__ - INFO - Accuracy is 0.7899013348810214 and auroc is 0.7610806957036144 with GRKDTWALFCVQIYPSHNEM encoding and index 92.
2026-06-05 17:22:50 - __main__ - INFO - Accuracy is 0.779454439930354 and auroc is 0.749372856620653 with KHNMRIDTVELPWQAYCSFG encoding and index 93.
2026-06-05 17:23:08 - __main__ - INFO - Accuracy is 0.7829367382472432 and auroc is 0.7507534091765237 with FMPVCSINYRTKLQHDEGAW encoding and index 94.
2026-06-05 17:23:26 - __main__ - INFO - Accuracy is 0.7759721416134648 and auroc is 0.7448768175996383 with PMYHWENQKRSTACVIFDGL encoding and index 95.
2026-06-05 17:23:44 - __main__ - INFO - Accuracy is 0.7742309924550204 and auroc is 0.7407372527352938 with AEKWTMIFGSLRNQYDVCPH encoding and index 96.
2026-06-05 17:24:02 - __main__ - INFO - Accuracy is 0.7730702263493906 and auroc is 0.7384226123207515 with CQVRATHPWMNSYDKFGILE encoding and index 97.
2026-06-05 17:24:19 - __main__ - INFO - Accuracy is 0.7695879280325014 and auroc is 0.7294758783495315 with KSAVEWPNGYRQTDLHIFCM encoding and index 98.
2026-06-05 17:24:37 - __main__ - INFO - Accuracy is 0.7869994196169472 and auroc is 0.7599673243649737 with NSRPAHMTWIYQGFDVLKEC encoding and index 99.
